How do I recover/fix my OS X partition? <body> I'm coming from Super User Community, since I wasn't aware of this specific one.  My first and foremost care is the files on my system, I have been slacking on making backups (I know, it's really bad) and I really would at least want to transfer my files before I fully reinstall my system.  This was my original problem (still kind of is): After 'removing' Ubuntu from MacBook it cannot boot to OSX but loads Grub 2  Summary: I had a dual-boot OSX/Ubuntu, tried to remove Ubuntu, messed something up with the original Mac OS partition, can't boot or use the Mac OS (or any OS, since Ubuntu was cleared)  I made a Yosemite Boot USB and started up Disk Utilities from that:  ul liI see my MAC OS is now called 'disk0s2' and is greyed out/li liIt had no partition type/li liI cannot use the functions: Activate (it does nothing), Activate journaling, Convert or Schijf-EHBO (not sure what it's called in english but is probably Disk Repair)./li /ul  This is the information from disk0s2 and the Disk Utility screen:  (had to remove because I dont have enough reputation)  Is there any way I can repair this partition? Can I change its structure to what it was previously, soI can atleast grab some files from there?  Other info:  ul liI have a MacBook Pro Retina (2010) /li liBefore the crash it ran El Capitan/li liPartition 'Naamloos' might've been part of the Mac OS parition?/li liRecovery HD has been started up from but it cannot load my OS. (read  my other post)/li /ul  EDIT1: I might have the same problem as here as some others  Additional info:  codediskutil list/code:  precode/dev/disk0 (internal, physical):     #:                       TYPE NAME                    SIZE       IDENTIFIER    0:      GUID_partition_scheme                        *251.0 GB   disk0    1:                        EFI EFI                     209.7 MB   disk0s1    2: FFFFFFFF-FFFF-FFFF-FFFF-FFFFFFFFFFFF               239.9 GB   disk0s2    3:                  Apple_HFS Recovery HD             650.0 MB   disk0s3    4:                  Apple_HFS Naamloos                10.1 GB    disk0s4 /dev/disk1 (disk image):    #:                       TYPE NAME                    SIZE       IDENTIFIER    0:      GUID_partition_scheme                        +2.1 GB     disk1    1:                  Apple_HFS OS X Base System        2.0 GB     disk1s /dev/disk2 (disk image):    #:                       TYPE NAME                    SIZE       IDENTIFIER    0:                            untitled               +5.2 MB     disk2 /code/pre  codegpt -r show disk0/code:  precode      start       size  index  contents           0          1         PMBR           1          1         Pri GPT header           2         32         Pri GPT table          34          6                   40     409600      1  GPT part - C12A7328-F81F-11D2-BA4B-00A0C93EC93B      409640  468597448      2  GPT part - FFFFFFFF-FFFF-FFFF-FFFF-FFFFFFFFFFFF   469007088    1269536      3  GPT part - 48465300-0000-11AA-AA11-00306543ECAC   470276624   19695313      4  GPT part - 48465300-0000-11AA-AA11-00306543ECAC   489971937     262782            490234719         32         Sec GPT table   490234751          1         Sec GPT header /code/pre  codedd if=/dev/disk0s2 count=3 | vis -c/code:   precode3+0 records in 3+0 records out 1536 bytes transferred in 0.000682 secs (2252605 bytes/sec) \^U\^D\^A\M-s\M^?\M^?\M^?\M^?\^A\0\^P\0\0\0\M-W\^A\a\0\0\0\0\0\0\0\0\0\0\0\0\0\0\0\0\0\0\0\0\0\0\0\0\0\0\0\0\0\0\0\0\^B\0\0\0\0\0\0\0\0\0\0\0\0\0\0\0\M^Pu\M-\7\0\0\0\0\0\0\0\0\0\0\0\0\0\0\0\0\0\0\0CS\^A\0\0\0\^D\0\0\^P\0\0\0\0@\0X\M-7}\^C\0\0\0\0X\M-;}\^C\0\0\0\0X\M-?}\^C\0\0\0\0X\M-C}\^C\0\0\0\0\0\0\0\0\0\0\0\0\0\0\0\0\0\0\0\0\0\0\0\0\0\0\0\0\0\0\0\0\0\0\0\0\^P\0\0\0\^B\0\0\0006j v\^R\M-+\^U\M^[\f\M^CdG\M-y\^]  K\0\0\0\0\0\0\0\0\0\0\0\0\0\0\0\0\0\0\0\0\0\0\0\0\0\0\0\0\0\0\0\0\0\0\0\0\0\0\0\0\0\0\0\0\0\0\0\0\0\0\0\0\0\0\0\0\0\0\0\0\0\0\0\0\0\0\0\0\0\0\0\0\0\0\0\0\0\0\0\0\0\0\0\0\0\0\0\0\0\0\0\0\0\0\0\0\0\0\0\0\0\0\0\0\0\0\0\0\0\0\0\0=\^A\M-_\M-;\^Y)E\M-I\M-5\M-.&lt;V\M-X\M^K\M-)\M-&amp;\^Z\M-[\M^L\^_\M-$eC\M-&amp;\M^I5\M-l\M^B\M^T\M-1f\M-;\0\0\0\0\0\0\0\0\0\0\0\0\0\0\0\0\0\0\0\0\0\0\0\0\0\0\0\0\0\0\0\0\0\0\0\0\0\0\0\0\0\0\0\0\0\0\0\0\0\0\0\0\0\0\0\0\0\0\0\0\0\0\0\0\0\0\0\0\0\0\0\0\0\0\0\0\0\0\0\0\0\0\0\0\0\0\0\0\0\0\0\0\0\0\0\0\0\0\0\0\0\0\0\0\0\0\0\0\0\0\0\0\0\0\0\0\0\0\0\0\0\0\0\0\0\0\0\0\0\0\0\0\0\0\0\0\0\0\0\0\0\0\0\0\0\0\0\0\0\0\0\0\0\0\0\0\0\0\0\0\0\0\0\0\0\0\0\0\0\0\0\0\0\0\0\0\0\0\0\0\0\0\0\0\0\0\0\0\0\0\0\0\0\0\0\0\0\0\0\0\0\0\0\0\0\0\0\0\0\0\0\0\0\0\0\0\0\0\0\0\0\0\0\0\0\0\0\0\0\0\0\0\0\0\0\0\0\0\0\0\0\0\0\0\0\0\0\0\0\0\0\0\0\0\0\0\0\0\0\0\0\0\0\0\0\0\0\0\0\0\0\0\0\0\0\0\0\0\0\0\0\0\0\0\0\0\0\0\0\0\0\0\0\0\0\0\0\0\0\0\0\0\0\0\0\0\0\0\0\0\0\0\0\0\0\0\0\0\0\0\0\0\0\0\0\0\0\0\0\0\0\0\0\0\0\0\0\0\0\0\0\0\0\0\0\0\0\0\0\0\0\0\0\0\0\0\0\0\0\0\0\0\0\0\0\0\0\0\0\0\0\0\0\0\0\0\0\0\0\0\0\0\0\0\0\0\0\0\0\0\0\0\0\0\0\0\0\0\0\0\0\0\0\0\0\0\0\0\0\0\0\0\0\0\0\0\0\0\0\0\0\0\0\0\0\0\0\0\0\0\0\0\0\0\0\0\0\0\0\0\0\0\0\0\0\0\0\0\0\0\0\0\0\0\0\0\0\0\0\0\0\0\0\0\0\0\0\0\0\0\0\0\0\0\0\0\0\0\0\0\0\0\0\0\0\0\0\0\0\0\0\0\0\0\0\0\0\0\0\0\0\0\0\0\0\0\0\0\0\0\0\0\0\0\0\0\0\0\0\0\0\0\0\0\0\0\0\0\0\0\0\0\0\0\0\0\0\0\0\0\0\0\0\0\0\0\0\0\0\0\0\0\0\0\0\0\0\0\0\0\0\0\0\0\0\0\0\0\0\0\0\0\0\0\0\0\0\0\0\0\0\0\0\0\0\0\0\0\0\0\0\0\0\0\0\0\0\0\0\0\0\0\0\0\0\0\0\0\0\0\0\0\0\0\0\0\0\0\0\0\0\0\0\0\0\0\0\0\0\0\0\0\0\0\0\0\0\0\0\0\0\0\0\0\0\0\0\0\0\0\0\0\0\0\0\0\0\0\0\0\0\0\0\0\0\0\0\0\0\0\0\0\0\0\0\0\0\0\0\0\0\0\0\0\0\0\0\0\0\0\0\0\0\0\0\0\0\0\0\0\0\0\0\0\0\0\0\0\0\0\0\0\0\0\0\0\0\0\0\0\0\0\0\0\0\0\0\0\0\0\0\0\0\0\0\0\0\0\0\0\0\0\0\0\0\0\0\0\0\0\0\0\0\0\0\0\0\0\0\0\0\0\0\0\0\0\0\0\0\0\0\0\0\0\0\0\0\0\0\0\0\0\0\0\0\0\0\0\0\0\0\0\0\0\0\0\0\0\0\0\0\0\0\0\0\0\0\0\0\0\0\0\0\0\0\0\0\0\0\0\0\0\0\0\0\0\0\0\0\0\0\0\0\0\0\0\0\0\0\0\0\0\0\0\0\0\0\0\0\0\0\0\0\0\0\0\0\0\0\0\0\0\0\0\0\0\0\0\0\0\0\0\0\0\0\0\0\0\0\0\0\0\0\0\0\0\0\0\0\0\0\0\0\0\0\0\0\0\0\0\0\0\0\0\0\0\0\0\0\0\0\0\0\0\0\0\0\0\0\0\0\0\0\0\0\0\0\0\0\0\0\0\0\0\0\0\0\0\0\0\0\0\0\0\0\0\0\0\0\0\0\0\0\0\0\0\0\0\0\0\0\0\0\0\0\0\0\0\0\0\0\0\0\0\0\0\0\0\0\0\0\0\0\0\0\0\0\0\0\0\0\0\0\0\0\0\0\0\0\0\0\0\0\0\0\0\0\0\0\0\0\0\0\0\0\0\0\0\0\0\0\0\0\0\0\0\0\0\0\0\0\0\0\0\0\0\0\0\0\0\0\0\0\0\0\0\0\0\0\0\0\0\0\0\0\0\0\0\0\0\0\0\0\0\0\0\0\0\0\0\0\0\0\0\0\0\0\0\0\0\0\0\0\0\0\0\0\0\0\0\0\0\0\0\0\0\0\0\0\0\0\0\0\0\0\0\0\0\0\0\0\0\0\0\0\0\0\0\0\0\0\0\0\0\0\0\0\0\0\0\0\0\0\0\0\0\0\0\0\0\0\0\0\0\0\0\0\0\0\0\0\0\0\0\0\0\0\0\0\0\0\0\0\0\0\0\0\0\0\0\0\0\0\0\0\0\0\0\0\0\0\0\0\0\0\0\0\0\0\0\0\0\0\0\0\0\0\0\0\0` /code/pre  EDIT4:  These messages were shown after doing the removing and readding the partitions:  http://imgur.com/a/nVN0j  The diskutil list after all the steps in @klanomaths answer (thanks for all the help by the way!)  precode/dev/disk0    #:                       TYPE NAME                    SIZE       IDENTIFIER    0:      GUID_partition_scheme                        *251.0 GB   disk0    1:                        EFI EFI                     209.7 MB   disk0s1    2:          Apple_CoreStorage                         239.9 GB   disk0s2    3:                 Apple_Boot Recovery HD             650.0 MB   disk0s3    4:                  Apple_HFS Naamloos                10.1 GB    disk0s4 /dev/disk1    #:                       TYPE NAME                    SIZE       IDENTIFIER    0:      GUID_partition_scheme                        *61.8 GB    disk1    1:                        EFI EFI                     209.7 MB   disk1s1    2:                  Apple_HFS Install OS X Yosemite   61.5 GB    disk1s2 /dev/disk2    #:                       TYPE NAME                    SIZE       IDENTIFIER    0:     Apple_partition_scheme                        *6.0 GB     disk2    1:        Apple_partition_map                         30.7 KB    disk2s1    2:                  Apple_HFS OS X Install ESD        6.0 GB     disk2s2 /dev/disk3    #:                       TYPE NAME                    SIZE       IDENTIFIER    0:     Apple_partition_scheme                        *1.3 GB     disk3    1:        Apple_partition_map                         30.7 KB    disk3s1    2:                  Apple_HFS OS X Base System        1.3 GB     disk3s2 /dev/disk4    #:                       TYPE NAME                    SIZE       IDENTIFIER    0:                            untitled               *5.2 MB     disk4 /dev/disk5    #:                       TYPE NAME                    SIZE       IDENTIFIER    0:                            untitled               *524.3 KB   disk5 /dev/disk6    #:                       TYPE NAME                    SIZE       IDENTIFIER    0:                            untitled               *524.3 KB   disk6 /dev/disk7    #:                       TYPE NAME                    SIZE       IDENTIFIER    0:                            untitled               *524.3 KB   disk7 /dev/disk8    #:                       TYPE NAME                    SIZE       IDENTIFIER    0:                            untitled               *524.3 KB   disk8 /dev/disk9    #:                       TYPE NAME                    SIZE       IDENTIFIER    0:                            untitled               *524.3 KB   disk9 /dev/disk10    #:                       TYPE NAME                    SIZE       IDENTIFIER    0:                            untitled               *6.3 MB     disk10 /dev/disk11    #:                       TYPE NAME                    SIZE       IDENTIFIER    0:                            untitled               *2.1 MB     disk11 /dev/disk12    #:                       TYPE NAME                    SIZE       IDENTIFIER    0:                            untitled               *1.0 MB     disk12 /dev/disk13    #:                       TYPE NAME                    SIZE       IDENTIFIER    0:                            untitled               *524.3 KB   disk13 /dev/disk14     #:                       TYPE NAME                    SIZE       IDENTIFIER     0:                            untitled               *524.3 KB   disk14  /dev/disk15    #:                       TYPE NAME                    SIZE       IDENTIFIER    0:                            untitled               *1.0 MB     disk15 /dev/disk16    #:                       TYPE NAME                    SIZE       IDENTIFIER    0:                            untitled               *6.3 MB     disk16 Offline                                  Logical Volume Macintosh HD on disk0s2                                  71A45184-6D4E-4159-8EFA-3DEC31F9C958                                  Locked Encrypted /code/pre  Also, the disk0 show:  -bash-3.2# gpt -r show disk0  precode      start       size  index  contents           0          1         PMBR           1          1         Pri GPT header           2         32         Pri GPT table          34          6                   40     409600      1  GPT part - C12A7328-F81F-11D2-BA4B-00A0C93EC93B      409640  468597448      2  GPT part - 53746F72-6167-11AA-AA11-00306543ECAC   469007088    1269536      3  GPT part - 426F6F74-0000-11AA-AA11-00306543ECAC   470276624   19695313      4  GPT part - 48465300-0000-11AA-AA11-00306543ECAC   489971937     262782            490234719         32         Sec GPT table   490234751          1         Sec GPT header /code/pre  <answer262559> To add an answer strongexactly/strong fitting to your case I slightly modified my answer in the linked "duplicate" and posted it here again.  hr  The second as well as the third partition of your internal disk got the wrong partition type, your data probably won't be lost.  A bootable OS X partition (except the Recovery HD) either has the GUID 48465300-0000-11AA-AA11-00306543ECAC for a standard OS X partition or the GUID 53746F72-6167-11AA-AA11-00306543ECAC for a CoreStorage partition. The FFFFFFFF-FFFF-FFFF-FFFF-FFFFFFFFFFFF is an unknown partition type (but not strongno partition/strong like the 000000-0000-0000.... one).  The first block of a standard OS X partition doesn't contain non-zeros, the first block of a CoreStorage partition contains some non-zeros. To get the first 3 blocks of a partition you have to use a substitute for hexdump/xxd (both aren't available in Recovery Mode/OS X Installer boot drive). The best I have found is codedd if=/dev/diskXsY count=3 | vis -c/code.  The GUID partition table can be modified with codegpt/code. emgpt/em only writes to the first 34 and the last 33 blocks of a disk(512) or the first 6 and and last 5 blocks of a 4k disk. Modifying the partition table (even falsely) doesn't alter the content of any volume on your disk, strongif/strong you don't intialize or repair a volume/disk by request. You may verify it though.  hr  ul liBoot to your OS X Installer boot drive/li liOpen Terminal in the menubar Utilities  Terminal/li liGet an overview with codediskutil list/code/li liGet an overview of your internal disk with the disk identifier found in the previous command. Below I assume the disk identifier of your internal disk is disk0 (replace it with the one you have found in your environment)  precodegpt -r show disk0 /code/pre/li liUnmount disk0 with codediskutil umountDisk disk0/code/li livis the first 3 blocks of the FFFF... partition:  precodedd if=/dev/disk0s2 count=3 | vis -c /code/pre  ol liIf you had a standard partition previously the first 1024 Bytes only contains non-printable (zeros): \0\0... After ~Byte 1030 you will see the following sequence: \0HFSJ\0/li liIf you had a CoreStorage partition some non-zeros in the first 512 Bytes and the string CS (code...\0CS\^A.../code) are shown:  precode\^U\^D\^A\M-s\M^?\M^?\M^?\M^?\^A\0\^P\0\0\0\M-W\^A\a\0\0\0\0\0\0\0\0\0\0\0\0\0\0\0\0\0\0\0\0\0\0\0\0\0\0\0\0\0\0\0\0\^B\0\0\0\0\0\0\0\0\0\0\0\0\0\0\0\M^Pu\M-\7\0\0\0\0\0\0\0\0\0\0\0\0\0\0\0\0\0\0\0CS\^A\0\0\0\^D\0\0\^P\0\0\0\0@\0X\M-7}\^C\0\0\0\0X\M-;}\^C\0\0\0\0X\M-?}\^C\0\0\0\0X\M-C}\^C\0\0\0\0\0\0\0\0\0\0\0\0\0\0\0\0\0\0\0\0\0\0\0\0\0\0\0\0\0\0\0\0\0\0\0\0\^P\0\0\0\^B\0\0\0006j v\^R\M-+\^U\M^[\f\M^CdG\M-y\^]... /code/pre/li /ol/li liNow remove the second and the third partition:  precodediskutil umountDisk disk0 gpt remove -i 2 disk0 gpt remove -i 3 disk0 /code/pre  If you get an error message like "resource busy" just unmount the disk again or unmount stubborn volumes with codediskutil umount disk0sX/code.  Re-add the recovery partition with the proper type:  precodegpt add -i 3 -b 469007088 -s 1269536 -t 426F6F74-0000-11AA-AA11-00306543ECAC disk0 /code/pre  Re-add the main partition with the proper type:  Either a normal OS X partition (if you have found the typical traces of a normal partition in the codedd ... vis/code step):  precodegpt add -i 2 -b 409640 -s 468597448 -t 48465300-0000-11AA-AA11-00306543ECAC disk0 /code/pre  or (if you have found the typical traces of a CoreStorage partition):  precodegpt add -i 2 -b 409640 -s 468597448 -t 53746F72-6167-11AA-AA11-00306543ECAC disk0 /code/pre/li liYour disk should finally look like this if you have found a standard OS X partition:  precode    start       size  index  contents         0          1         PMBR         1          1         Pri GPT header         2         32         Pri GPT table        34          6                 40     409600      1  GPT part - C12A7328-F81F-11D2-BA4B-00A0C93EC93B    409640  468597448      2  GPT part - 48465300-0000-11AA-AA11-00306543ECACC 469007088    1269536      3  GPT part - 426F6F74-0000-11AA-AA11-00306543ECAC 470276624   19695313      4  GPT part - 48465300-0000-11AA-AA11-00306543ECAC 489971937     262782          490234719         32         Sec GPT table 490234751          1         Sec GPT header /code/pre  or this, if you have found a CoreStorage volume:  precode    start       size  index  contents         0          1         PMBR         1          1         Pri GPT header         2         32         Pri GPT table        34          6                 40     409600      1  GPT part - C12A7328-F81F-11D2-BA4B-00A0C93EC93B    409640  468597448      2  GPT part - 53746F72-6167-11AA-AA11-00306543ECAC 469007088    1269536      3  GPT part - 426F6F74-0000-11AA-AA11-00306543ECAC 470276624   19695313      4  GPT part - 48465300-0000-11AA-AA11-00306543ECAC 489971937     262782          490234719         32         Sec GPT table 490234751          1         Sec GPT header /code/pre/li liFinally verify/repair the disk with codediskutil verifyDisk disk0/code and/or codediskutil verifyVolume disk0s2/code. If a repair is needed use repair (instead of verify) as prefix in the above commands strongbut contact me before repairing it and send me the error message/strong./li /ul  <comment328798> If you have further questions regarding my answers, please contact me. Some details like the partition map and a hexdump are needed though (check the related questions and answers how to do this). Please add them to your question. <comment328799> I have added some information, but cannot get hexdump to work on my terminal in my Boot USB, any idea or subsitute command to show you the binary info? <comment328801> http://imgur.com/a/msnni <comment328812> I will try that command as soon as I get home tomorrow! Thanks alot for your help already!! Hope to speak to you soon. <comment328861> -bash-3.2# dd if=/dev/disk0s2 count=3 | vis -c 3+0 records in 3+0 records out 1536 bytes transferred in 0.000773 secs (1986571 bytes/sec) \^U\^D\^A\M-s\M^?\M^?\M^?\M^?\^A\0\^P\0\0\0\M-W\^A\a\0\0\0\0\0\0\0\0\0\0\0\0\0\0\0\0\0\0\0\0\0\0\0\0\0\0\0\0\0\0\0\0\^B\0\0\0\0\0\0\0\0\0\0\0\0\0\0\0\M^Pu\M-\7\0\0\0\0\0\0\0\0\0\0\0\0\0\0\0\0\0\0\0CS\^A\0\0\0\^D\0\0\^P\0\0\0\0@\0X\M-7}\^C\0\0\0\0X\M-;}\^C\0\0\0\0X\M-?}\^C\0\0\0\0X\M-C}\^C\0\0\0\0\0\0\0\0\0\0\0\0\0\0\0\0\0\0\0\0\0\0\0\0\0\0\0\0\0\0\0\0\0\0\0\0\^P\0\0\0\^B\0\0\0006j v\^R\M-+\^U\M^[\f\M^CdG\M-y\^] K\0\0\0\0\0\0\0\0\0\0\0\ <comment328866> I added the whole output, you were right. I used a TCP client/server connection between my mac recovery and my Windows pc to send this output, if you rather have my take a picture, tell me! <comment328936> To get a hex dump, pipe it through `xxd`, e.g. `dd if=/dev/disk0s2 count=3 | xxd`. In Terminal, see `man xxd` for additional info on `xxd`. <comment328982> I'm not able to use xxd or terminal on my recovery or boot usb: http://imgur.com/a/msnni <comment329040> Thanks for the answer, I am hesitant to change any structures. I am gonna buy a external disk to backup these partitions on, is that a smart move before doing the gpt removes and adds? Or is there nothing much that could go wrong? Also, I added some new information in read-able text. I'm unsure why I couldn't print partition 3 and 4, not even from my Boot USB, is this normal? <comment329041> I wasn't able to find \0HFSJ\0 yet, but maybe they are located in partition 3 or 4. However, partition 2 does contain (...\0CS\^A...) som that's the CoreStorage partition, I reckon? <comment329044> Okay thanks! Should I then use the first or second command for gpt adding 2 (48465300-0000-11AA-AA11-00306543ECAC or 53746F72-6167-11AA-AA11-00306543ECAC) Since I found the CoreStorage partition to be 2. <comment329046> Is it normal that partition 3 and 4 or 'busy' to be read from? <comment329049> @Bart Please don't mess around with your question. If you have additional question regarding disk0s1/disk0s3/disk0s4 ask a second question. To fix your recovery partition I already added a step in my answer (as a goodie). <comment329050> Are you sure we don't have to do anything with the 'Naamloos' partition (number 4)? Just 2 (CS) and 3? <comment329231> Okay, so I first made a full clone of disk0 on a external harddrive, with all its partition intact (using the dd command with if and of). Now, I just followed all of your steps carefully and the following happens:  - The disk shows up with its normal name 'Macintosh HD', - In diskutility tool from my Recovery USB this partition is 'greyed out' and says its inactive. - I listed the outputs of the diskutil commands in my answer. (look at the last few lines of diskutil list!) <comment329234> It says I am in a queue for getting peer reviewed before my edit goes public?  (the diskutil list says that my partition's Logical Volume is locked encrypted or something. <comment329235> @Bart I've have modified your edit and added it partly. Your main volume was encrypted with FileVault? <comment329236> Most likely? I think I will try to see what my Diskutilities can do to unlock it. <comment329238> ITS WORKING NOW! OH MY GOD YES. Everything is good, all is there. I love you so much, klanomath!! <comment329239> @Bart It may be unbootable though! On Sunday I repaired a similar case (someone who also uninstalled Ubuntu and a got the FFFF... partition and made additional mods).  I have been able to recover the volume (via TeamViewer) but it was not bootable. So better backup the volume and reinstall os x. <comment329240> I just booted to it, though, or will it eventually break somehow maybe? <comment329241> @Bart Did you verify the disk/volume with `diskutil verifyDisk disk0`/ `diskutil verifyVolume disk0s2`? <comment329250> yes! look at this: http://imgur.com/a/nVN0j <comment329252> @Bart Seems all legit then. I just wanted to express my experiences with this kind of accidents: you should be able to recover your data but you may have to reinstall OS X later (after backing up the volume with e.g. Time Machine)