Ubuntu dualboot alongside OS Sierra -- "This computer currently has no detected operating system installed" <body> I am trying to install dual-boot Ubuntu 16.04 alongside OS Sierra. What I have done so far:  Installed rEFInd. Partitioned a 25G Mac OS Extended (Journaled) using Disk Utility. Made a bootable USB stick using Rufus on Windows.  Then when I boot from EFI, during the installation type, there's no "alongside install" option and it says "This computer currently has no detected operating system installed".  This is the information I got after I opted "Something else" in the installation type. img src="https://i.stack.imgur.com/xfkHk.jpg" alt="Installation type"  And here is the result after I ran codesudo disk -l/code:  precodeubuntu@ubuntu:~$ sudo fdisk -l Disk /dev/ram0: 64 MiB, 67108864 bytes, 131072 sectors Units: sectors of 1 * 512 = 512 bytes Sector size (logical/physical): 512 bytes / 4096 bytes I/O size (minimum/optimal): 4096 bytes / 4096 bytes   Disk /dev/ram1: 64 MiB, 67108864 bytes, 131072 sectors Units: sectors of 1 * 512 = 512 bytes Sector size (logical/physical): 512 bytes / 4096 bytes I/O size (minimum/optimal): 4096 bytes / 4096 bytes   Disk /dev/ram2: 64 MiB, 67108864 bytes, 131072 sectors Units: sectors of 1 * 512 = 512 bytes Sector size (logical/physical): 512 bytes / 4096 bytes I/O size (minimum/optimal): 4096 bytes / 4096 bytes   Disk /dev/ram3: 64 MiB, 67108864 bytes, 131072 sectors Units: sectors of 1 * 512 = 512 bytes Sector size (logical/physical): 512 bytes / 4096 bytes I/O size (minimum/optimal): 4096 bytes / 4096 bytes   Disk /dev/ram4: 64 MiB, 67108864 bytes, 131072 sectors Units: sectors of 1 * 512 = 512 bytes Sector size (logical/physical): 512 bytes / 4096 bytes I/O size (minimum/optimal): 4096 bytes / 4096 bytes   Disk /dev/ram5: 64 MiB, 67108864 bytes, 131072 sectors Units: sectors of 1 * 512 = 512 bytes Sector size (logical/physical): 512 bytes / 4096 bytes I/O size (minimum/optimal): 4096 bytes / 4096 bytes   Disk /dev/ram6: 64 MiB, 67108864 bytes, 131072 sectors Units: sectors of 1 * 512 = 512 bytes Sector size (logical/physical): 512 bytes / 4096 bytes I/O size (minimum/optimal): 4096 bytes / 4096 bytes   Disk /dev/ram7: 64 MiB, 67108864 bytes, 131072 sectors Units: sectors of 1 * 512 = 512 bytes Sector size (logical/physical): 512 bytes / 4096 bytes I/O size (minimum/optimal): 4096 bytes / 4096 bytes   Disk /dev/ram8: 64 MiB, 67108864 bytes, 131072 sectors Units: sectors of 1 * 512 = 512 bytes Sector size (logical/physical): 512 bytes / 4096 bytes I/O size (minimum/optimal): 4096 bytes / 4096 bytes   Disk /dev/ram9: 64 MiB, 67108864 bytes, 131072 sectors Units: sectors of 1 * 512 = 512 bytes Sector size (logical/physical): 512 bytes / 4096 bytes I/O size (minimum/optimal): 4096 bytes / 4096 bytes   Disk /dev/ram10: 64 MiB, 67108864 bytes, 131072 sectors Units: sectors of 1 * 512 = 512 bytes Sector size (logical/physical): 512 bytes / 4096 bytes I/O size (minimum/optimal): 4096 bytes / 4096 bytes   Disk /dev/ram11: 64 MiB, 67108864 bytes, 131072 sectors Units: sectors of 1 * 512 = 512 bytes Sector size (logical/physical): 512 bytes / 4096 bytes I/O size (minimum/optimal): 4096 bytes / 4096 bytes   Disk /dev/ram12: 64 MiB, 67108864 bytes, 131072 sectors Units: sectors of 1 * 512 = 512 bytes Sector size (logical/physical): 512 bytes / 4096 bytes I/O size (minimum/optimal): 4096 bytes / 4096 bytes   Disk /dev/ram13: 64 MiB, 67108864 bytes, 131072 sectors Units: sectors of 1 * 512 = 512 bytes Sector size (logical/physical): 512 bytes / 4096 bytes I/O size (minimum/optimal): 4096 bytes / 4096 bytes   Disk /dev/ram14: 64 MiB, 67108864 bytes, 131072 sectors Units: sectors of 1 * 512 = 512 bytes Sector size (logical/physical): 512 bytes / 4096 bytes I/O size (minimum/optimal): 4096 bytes / 4096 bytes   Disk /dev/ram15: 64 MiB, 67108864 bytes, 131072 sectors Units: sectors of 1 * 512 = 512 bytes Sector size (logical/physical): 512 bytes / 4096 bytes I/O size (minimum/optimal): 4096 bytes / 4096 bytes   Disk /dev/loop0: 1.4 GiB, 1497772032 bytes, 2925336 sectors Units: sectors of 1 * 512 = 512 bytes Sector size (logical/physical): 512 bytes / 512 bytes I/O size (minimum/optimal): 512 bytes / 512 bytes   Disk /dev/sda: 233.8 GiB, 251000193024 bytes, 490234752 sectors Units: sectors of 1 * 512 = 512 bytes Sector size (logical/physical): 512 bytes / 4096 bytes I/O size (minimum/optimal): 4096 bytes / 4096 bytes Disklabel type: gpt Disk identifier: 215DBDCF-EC33-482E-AC7D-8526F063DBA7  Device         Start       End   Sectors   Size Type /dev/sda1         40    409639    409600   200M EFI System /dev/sda2     409640 438527887 438118248 208.9G Apple Core storage /dev/sda3  438527888 439797647   1269760   620M Apple boot /dev/sda4  439797648 489972567  50174920  23.9G Apple HFS/HFS+   Disk /dev/sdb: 57.9 GiB, 62159585280 bytes, 121405440 sectors Units: sectors of 1 * 512 = 512 bytes Sector size (logical/physical): 512 bytes / 512 bytes I/O size (minimum/optimal): 512 bytes / 512 bytes Disklabel type: dos Disk identifier: 0x106315e5  Device     Boot Start       End   Sectors  Size Id Type /dev/sdb1  *     2048 121405439 121403392 57.9G  c W95 FAT32 (LBA) /code/pre  I have searched for hours but only got some threads about Ubuntu alongside Windows.   Any help will be appreciated.  <answer281676> from "something else" which is gparted, format sda4 to a linux file system add the  "/ " boot flag and continue the install   <comment354433> Sorry, do you mean after the format then click the "Continue install"(which is under "something else")?  Will it erase my existing OS? <comment354441> I am presuming that Sda4 is the partition you created earlier,  it needs to be formatted to ext4 or similar for the linux install . you can do it from where you were in the picture then continue, it will erase and format Sda4 <comment354448> I have figured it out. Thanks.